2020-01-31 01:26:57 INFO xxx
2020-01-31 01:26:57 INFO xxx
2020-01-31 01:26:57 INFO xxx
2020-01-31 01:26:57 INFO xxx
2020-01-31 01:26:57 INFO xxx
2020-01-31 01:26:57 INFO xxx
